running egg_info
creating ../../build/my_py_drone_pkg/my_py_drone_pkg.egg-info
writing ../../build/my_py_drone_pkg/my_py_drone_pkg.egg-info/PKG-INFO
writing dependency_links to ../../build/my_py_drone_pkg/my_py_drone_pkg.egg-info/dependency_links.txt
writing entry points to ../../build/my_py_drone_pkg/my_py_drone_pkg.egg-info/entry_points.txt
writing requirements to ../../build/my_py_drone_pkg/my_py_drone_pkg.egg-info/requires.txt
writing top-level names to ../../build/my_py_drone_pkg/my_py_drone_pkg.egg-info/top_level.txt
writing manifest file '../../build/my_py_drone_pkg/my_py_drone_pkg.egg-info/SOURCES.txt'
reading manifest file '../../build/my_py_drone_pkg/my_py_drone_pkg.egg-info/SOURCES.txt'
writing manifest file '../../build/my_py_drone_pkg/my_py_drone_pkg.egg-info/SOURCES.txt'
running build
running build_py
creating /home/emeka/ros2_drone_ws/build/my_py_drone_pkg/build
creating /home/emeka/ros2_drone_ws/build/my_py_drone_pkg/build/lib
creating /home/emeka/ros2_drone_ws/build/my_py_drone_pkg/build/lib/my_py_drone_pkg
copying my_py_drone_pkg/__init__.py -> /home/emeka/ros2_drone_ws/build/my_py_drone_pkg/build/lib/my_py_drone_pkg
running install
running install_lib
creating /home/emeka/ros2_drone_ws/install/my_py_drone_pkg/lib/python3.10/site-packages/my_py_drone_pkg
copying /home/emeka/ros2_drone_ws/build/my_py_drone_pkg/build/lib/my_py_drone_pkg/__init__.py -> /home/emeka/ros2_drone_ws/install/my_py_drone_pkg/lib/python3.10/site-packages/my_py_drone_pkg
byte-compiling /home/emeka/ros2_drone_ws/install/my_py_drone_pkg/lib/python3.10/site-packages/my_py_drone_pkg/__init__.py to __init__.cpython-310.pyc
running install_data
creating /home/emeka/ros2_drone_ws/install/my_py_drone_pkg/share/ament_index
creating /home/emeka/ros2_drone_ws/install/my_py_drone_pkg/share/ament_index/resource_index
creating /home/emeka/ros2_drone_ws/install/my_py_drone_pkg/share/ament_index/resource_index/packages
copying resource/my_py_drone_pkg -> /home/emeka/ros2_drone_ws/install/my_py_drone_pkg/share/ament_index/resource_index/packages
copying package.xml -> /home/emeka/ros2_drone_ws/install/my_py_drone_pkg/share/my_py_drone_pkg
running install_egg_info
Copying ../../build/my_py_drone_pkg/my_py_drone_pkg.egg-info to /home/emeka/ros2_drone_ws/install/my_py_drone_pkg/lib/python3.10/site-packages/my_py_drone_pkg-0.0.0-py3.10.egg-info
running install_scripts
writing list of installed files to '/home/emeka/ros2_drone_ws/build/my_py_drone_pkg/install.log'
