/home/emeka/ros2_drone_ws/install/my_py_drone_pkg/lib/python3.10/site-packages/my_py_drone_pkg/movement.py
/home/emeka/ros2_drone_ws/install/my_py_drone_pkg/lib/python3.10/site-packages/my_py_drone_pkg/leader_2_follower.py
/home/emeka/ros2_drone_ws/install/my_py_drone_pkg/lib/python3.10/site-packages/my_py_drone_pkg/fly_with_5drones.py
/home/emeka/ros2_drone_ws/install/my_py_drone_pkg/lib/python3.10/site-packages/my_py_drone_pkg/simple_follow_drone_3_wth_avoid.py
/home/emeka/ros2_drone_ws/install/my_py_drone_pkg/lib/python3.10/site-packages/my_py_drone_pkg/drone_position_record_2.py
/home/emeka/ros2_drone_ws/install/my_py_drone_pkg/lib/python3.10/site-packages/my_py_drone_pkg/mavros_flight_example.py
/home/emeka/ros2_drone_ws/install/my_py_drone_pkg/lib/python3.10/site-packages/my_py_drone_pkg/takeoff_mav.py
/home/emeka/ros2_drone_ws/install/my_py_drone_pkg/lib/python3.10/site-packages/my_py_drone_pkg/my_first_node.py
/home/emeka/ros2_drone_ws/install/my_py_drone_pkg/lib/python3.10/site-packages/my_py_drone_pkg/real_example.py
/home/emeka/ros2_drone_ws/install/my_py_drone_pkg/lib/python3.10/site-packages/my_py_drone_pkg/real_movement.py
/home/emeka/ros2_drone_ws/install/my_py_drone_pkg/lib/python3.10/site-packages/my_py_drone_pkg/multi_async_drones_retrn.py
/home/emeka/ros2_drone_ws/install/my_py_drone_pkg/lib/python3.10/site-packages/my_py_drone_pkg/concurrent_control_of_2_drones_ver2.py
/home/emeka/ros2_drone_ws/install/my_py_drone_pkg/lib/python3.10/site-packages/my_py_drone_pkg/drone_position_record_3.py
/home/emeka/ros2_drone_ws/install/my_py_drone_pkg/lib/python3.10/site-packages/my_py_drone_pkg/formation_of_drones_with_seperation.py
/home/emeka/ros2_drone_ws/install/my_py_drone_pkg/lib/python3.10/site-packages/my_py_drone_pkg/drone_state_listner_2.py
/home/emeka/ros2_drone_ws/install/my_py_drone_pkg/lib/python3.10/site-packages/my_py_drone_pkg/simple_follow_drone.py
/home/emeka/ros2_drone_ws/install/my_py_drone_pkg/lib/python3.10/site-packages/my_py_drone_pkg/jumping_example.py
/home/emeka/ros2_drone_ws/install/my_py_drone_pkg/lib/python3.10/site-packages/my_py_drone_pkg/formation_of_drones.py
/home/emeka/ros2_drone_ws/install/my_py_drone_pkg/lib/python3.10/site-packages/my_py_drone_pkg/real_movement_2_drones.py
/home/emeka/ros2_drone_ws/install/my_py_drone_pkg/lib/python3.10/site-packages/my_py_drone_pkg/topic_list_maker.py
/home/emeka/ros2_drone_ws/install/my_py_drone_pkg/lib/python3.10/site-packages/my_py_drone_pkg/offboard_control.py
/home/emeka/ros2_drone_ws/install/my_py_drone_pkg/lib/python3.10/site-packages/my_py_drone_pkg/drone_state_listener.py
/home/emeka/ros2_drone_ws/install/my_py_drone_pkg/lib/python3.10/site-packages/my_py_drone_pkg/takeoff.py
/home/emeka/ros2_drone_ws/install/my_py_drone_pkg/lib/python3.10/site-packages/my_py_drone_pkg/concurrent_control_of_2_drones.py
/home/emeka/ros2_drone_ws/install/my_py_drone_pkg/lib/python3.10/site-packages/my_py_drone_pkg/drone_position_record.py
/home/emeka/ros2_drone_ws/install/my_py_drone_pkg/lib/python3.10/site-packages/my_py_drone_pkg/multi_async_drones.py
/home/emeka/ros2_drone_ws/install/my_py_drone_pkg/lib/python3.10/site-packages/my_py_drone_pkg/simple_follow_drone_2.py
/home/emeka/ros2_drone_ws/install/my_py_drone_pkg/lib/python3.10/site-packages/my_py_drone_pkg/real_drone_movement.py
/home/emeka/ros2_drone_ws/install/my_py_drone_pkg/lib/python3.10/site-packages/my_py_drone_pkg/real_example_2.py
/home/emeka/ros2_drone_ws/install/my_py_drone_pkg/lib/python3.10/site-packages/my_py_drone_pkg/multi_waypoint.py
/home/emeka/ros2_drone_ws/install/my_py_drone_pkg/lib/python3.10/site-packages/my_py_drone_pkg/offboard_control_ver2.py
/home/emeka/ros2_drone_ws/install/my_py_drone_pkg/lib/python3.10/site-packages/my_py_drone_pkg/proto_off.py
/home/emeka/ros2_drone_ws/install/my_py_drone_pkg/lib/python3.10/site-packages/my_py_drone_pkg/template_py_node.py
/home/emeka/ros2_drone_ws/install/my_py_drone_pkg/lib/python3.10/site-packages/my_py_drone_pkg/mavros_subscriber.py
/home/emeka/ros2_drone_ws/install/my_py_drone_pkg/lib/python3.10/site-packages/my_py_drone_pkg/fly_with_4drones.py
/home/emeka/ros2_drone_ws/install/my_py_drone_pkg/lib/python3.10/site-packages/my_py_drone_pkg/full_cntrl_1drn.py
/home/emeka/ros2_drone_ws/install/my_py_drone_pkg/lib/python3.10/site-packages/my_py_drone_pkg/__init__.py
/home/emeka/ros2_drone_ws/install/my_py_drone_pkg/lib/python3.10/site-packages/my_py_drone_pkg/offb_node.py
/home/emeka/ros2_drone_ws/install/my_py_drone_pkg/lib/python3.10/site-packages/my_py_drone_pkg/multi_exec_2_drones.py
/home/emeka/ros2_drone_ws/install/my_py_drone_pkg/lib/python3.10/site-packages/my_py_drone_pkg/__pycache__/movement.cpython-310.pyc
/home/emeka/ros2_drone_ws/install/my_py_drone_pkg/lib/python3.10/site-packages/my_py_drone_pkg/__pycache__/leader_2_follower.cpython-310.pyc
/home/emeka/ros2_drone_ws/install/my_py_drone_pkg/lib/python3.10/site-packages/my_py_drone_pkg/__pycache__/fly_with_5drones.cpython-310.pyc
/home/emeka/ros2_drone_ws/install/my_py_drone_pkg/lib/python3.10/site-packages/my_py_drone_pkg/__pycache__/simple_follow_drone_3_wth_avoid.cpython-310.pyc
/home/emeka/ros2_drone_ws/install/my_py_drone_pkg/lib/python3.10/site-packages/my_py_drone_pkg/__pycache__/drone_position_record_2.cpython-310.pyc
/home/emeka/ros2_drone_ws/install/my_py_drone_pkg/lib/python3.10/site-packages/my_py_drone_pkg/__pycache__/mavros_flight_example.cpython-310.pyc
/home/emeka/ros2_drone_ws/install/my_py_drone_pkg/lib/python3.10/site-packages/my_py_drone_pkg/__pycache__/takeoff_mav.cpython-310.pyc
/home/emeka/ros2_drone_ws/install/my_py_drone_pkg/lib/python3.10/site-packages/my_py_drone_pkg/__pycache__/my_first_node.cpython-310.pyc
/home/emeka/ros2_drone_ws/install/my_py_drone_pkg/lib/python3.10/site-packages/my_py_drone_pkg/__pycache__/real_example.cpython-310.pyc
/home/emeka/ros2_drone_ws/install/my_py_drone_pkg/lib/python3.10/site-packages/my_py_drone_pkg/__pycache__/real_movement.cpython-310.pyc
/home/emeka/ros2_drone_ws/install/my_py_drone_pkg/lib/python3.10/site-packages/my_py_drone_pkg/__pycache__/multi_async_drones_retrn.cpython-310.pyc
/home/emeka/ros2_drone_ws/install/my_py_drone_pkg/lib/python3.10/site-packages/my_py_drone_pkg/__pycache__/concurrent_control_of_2_drones_ver2.cpython-310.pyc
/home/emeka/ros2_drone_ws/install/my_py_drone_pkg/lib/python3.10/site-packages/my_py_drone_pkg/__pycache__/drone_position_record_3.cpython-310.pyc
/home/emeka/ros2_drone_ws/install/my_py_drone_pkg/lib/python3.10/site-packages/my_py_drone_pkg/__pycache__/formation_of_drones_with_seperation.cpython-310.pyc
/home/emeka/ros2_drone_ws/install/my_py_drone_pkg/lib/python3.10/site-packages/my_py_drone_pkg/__pycache__/drone_state_listner_2.cpython-310.pyc
/home/emeka/ros2_drone_ws/install/my_py_drone_pkg/lib/python3.10/site-packages/my_py_drone_pkg/__pycache__/simple_follow_drone.cpython-310.pyc
/home/emeka/ros2_drone_ws/install/my_py_drone_pkg/lib/python3.10/site-packages/my_py_drone_pkg/__pycache__/jumping_example.cpython-310.pyc
/home/emeka/ros2_drone_ws/install/my_py_drone_pkg/lib/python3.10/site-packages/my_py_drone_pkg/__pycache__/formation_of_drones.cpython-310.pyc
/home/emeka/ros2_drone_ws/install/my_py_drone_pkg/lib/python3.10/site-packages/my_py_drone_pkg/__pycache__/real_movement_2_drones.cpython-310.pyc
/home/emeka/ros2_drone_ws/install/my_py_drone_pkg/lib/python3.10/site-packages/my_py_drone_pkg/__pycache__/topic_list_maker.cpython-310.pyc
/home/emeka/ros2_drone_ws/install/my_py_drone_pkg/lib/python3.10/site-packages/my_py_drone_pkg/__pycache__/offboard_control.cpython-310.pyc
/home/emeka/ros2_drone_ws/install/my_py_drone_pkg/lib/python3.10/site-packages/my_py_drone_pkg/__pycache__/drone_state_listener.cpython-310.pyc
/home/emeka/ros2_drone_ws/install/my_py_drone_pkg/lib/python3.10/site-packages/my_py_drone_pkg/__pycache__/takeoff.cpython-310.pyc
/home/emeka/ros2_drone_ws/install/my_py_drone_pkg/lib/python3.10/site-packages/my_py_drone_pkg/__pycache__/concurrent_control_of_2_drones.cpython-310.pyc
/home/emeka/ros2_drone_ws/install/my_py_drone_pkg/lib/python3.10/site-packages/my_py_drone_pkg/__pycache__/drone_position_record.cpython-310.pyc
/home/emeka/ros2_drone_ws/install/my_py_drone_pkg/lib/python3.10/site-packages/my_py_drone_pkg/__pycache__/multi_async_drones.cpython-310.pyc
/home/emeka/ros2_drone_ws/install/my_py_drone_pkg/lib/python3.10/site-packages/my_py_drone_pkg/__pycache__/simple_follow_drone_2.cpython-310.pyc
/home/emeka/ros2_drone_ws/install/my_py_drone_pkg/lib/python3.10/site-packages/my_py_drone_pkg/__pycache__/real_drone_movement.cpython-310.pyc
/home/emeka/ros2_drone_ws/install/my_py_drone_pkg/lib/python3.10/site-packages/my_py_drone_pkg/__pycache__/real_example_2.cpython-310.pyc
/home/emeka/ros2_drone_ws/install/my_py_drone_pkg/lib/python3.10/site-packages/my_py_drone_pkg/__pycache__/multi_waypoint.cpython-310.pyc
/home/emeka/ros2_drone_ws/install/my_py_drone_pkg/lib/python3.10/site-packages/my_py_drone_pkg/__pycache__/offboard_control_ver2.cpython-310.pyc
/home/emeka/ros2_drone_ws/install/my_py_drone_pkg/lib/python3.10/site-packages/my_py_drone_pkg/__pycache__/proto_off.cpython-310.pyc
/home/emeka/ros2_drone_ws/install/my_py_drone_pkg/lib/python3.10/site-packages/my_py_drone_pkg/__pycache__/template_py_node.cpython-310.pyc
/home/emeka/ros2_drone_ws/install/my_py_drone_pkg/lib/python3.10/site-packages/my_py_drone_pkg/__pycache__/mavros_subscriber.cpython-310.pyc
/home/emeka/ros2_drone_ws/install/my_py_drone_pkg/lib/python3.10/site-packages/my_py_drone_pkg/__pycache__/fly_with_4drones.cpython-310.pyc
/home/emeka/ros2_drone_ws/install/my_py_drone_pkg/lib/python3.10/site-packages/my_py_drone_pkg/__pycache__/full_cntrl_1drn.cpython-310.pyc
/home/emeka/ros2_drone_ws/install/my_py_drone_pkg/lib/python3.10/site-packages/my_py_drone_pkg/__pycache__/__init__.cpython-310.pyc
/home/emeka/ros2_drone_ws/install/my_py_drone_pkg/lib/python3.10/site-packages/my_py_drone_pkg/__pycache__/offb_node.cpython-310.pyc
/home/emeka/ros2_drone_ws/install/my_py_drone_pkg/lib/python3.10/site-packages/my_py_drone_pkg/__pycache__/multi_exec_2_drones.cpython-310.pyc
/home/emeka/ros2_drone_ws/install/my_py_drone_pkg/share/ament_index/resource_index/packages/my_py_drone_pkg
/home/emeka/ros2_drone_ws/install/my_py_drone_pkg/share/my_py_drone_pkg/package.xml
/home/emeka/ros2_drone_ws/install/my_py_drone_pkg/lib/python3.10/site-packages/my_py_drone_pkg-0.0.0-py3.10.egg-info/requires.txt
/home/emeka/ros2_drone_ws/install/my_py_drone_pkg/lib/python3.10/site-packages/my_py_drone_pkg-0.0.0-py3.10.egg-info/top_level.txt
/home/emeka/ros2_drone_ws/install/my_py_drone_pkg/lib/python3.10/site-packages/my_py_drone_pkg-0.0.0-py3.10.egg-info/dependency_links.txt
/home/emeka/ros2_drone_ws/install/my_py_drone_pkg/lib/python3.10/site-packages/my_py_drone_pkg-0.0.0-py3.10.egg-info/zip-safe
/home/emeka/ros2_drone_ws/install/my_py_drone_pkg/lib/python3.10/site-packages/my_py_drone_pkg-0.0.0-py3.10.egg-info/PKG-INFO
/home/emeka/ros2_drone_ws/install/my_py_drone_pkg/lib/python3.10/site-packages/my_py_drone_pkg-0.0.0-py3.10.egg-info/SOURCES.txt
/home/emeka/ros2_drone_ws/install/my_py_drone_pkg/lib/python3.10/site-packages/my_py_drone_pkg-0.0.0-py3.10.egg-info/entry_points.txt
/home/emeka/ros2_drone_ws/install/my_py_drone_pkg/lib/my_py_drone_pkg/advance_follower
/home/emeka/ros2_drone_ws/install/my_py_drone_pkg/lib/my_py_drone_pkg/concurrent_control
/home/emeka/ros2_drone_ws/install/my_py_drone_pkg/lib/my_py_drone_pkg/concurrent_control_ver2
/home/emeka/ros2_drone_ws/install/my_py_drone_pkg/lib/my_py_drone_pkg/drone_pos_rec
/home/emeka/ros2_drone_ws/install/my_py_drone_pkg/lib/my_py_drone_pkg/drone_pos_rec_2
/home/emeka/ros2_drone_ws/install/my_py_drone_pkg/lib/my_py_drone_pkg/drone_pos_rec_3
/home/emeka/ros2_drone_ws/install/my_py_drone_pkg/lib/my_py_drone_pkg/drone_state_listener
/home/emeka/ros2_drone_ws/install/my_py_drone_pkg/lib/my_py_drone_pkg/drone_state_listener_2
/home/emeka/ros2_drone_ws/install/my_py_drone_pkg/lib/my_py_drone_pkg/fly_4_drones
/home/emeka/ros2_drone_ws/install/my_py_drone_pkg/lib/my_py_drone_pkg/fly_5_drones
/home/emeka/ros2_drone_ws/install/my_py_drone_pkg/lib/my_py_drone_pkg/formation_drones
/home/emeka/ros2_drone_ws/install/my_py_drone_pkg/lib/my_py_drone_pkg/formation_drones_2
/home/emeka/ros2_drone_ws/install/my_py_drone_pkg/lib/my_py_drone_pkg/full_drn_cntrl
/home/emeka/ros2_drone_ws/install/my_py_drone_pkg/lib/my_py_drone_pkg/jumping_person
/home/emeka/ros2_drone_ws/install/my_py_drone_pkg/lib/my_py_drone_pkg/leader_follower
/home/emeka/ros2_drone_ws/install/my_py_drone_pkg/lib/my_py_drone_pkg/manual_follower
/home/emeka/ros2_drone_ws/install/my_py_drone_pkg/lib/my_py_drone_pkg/mavros_flight_example
/home/emeka/ros2_drone_ws/install/my_py_drone_pkg/lib/my_py_drone_pkg/mavros_state_subscriber
/home/emeka/ros2_drone_ws/install/my_py_drone_pkg/lib/my_py_drone_pkg/move_2_drones
/home/emeka/ros2_drone_ws/install/my_py_drone_pkg/lib/my_py_drone_pkg/movement
/home/emeka/ros2_drone_ws/install/my_py_drone_pkg/lib/my_py_drone_pkg/multi_async_drones
/home/emeka/ros2_drone_ws/install/my_py_drone_pkg/lib/my_py_drone_pkg/multi_async_drones_retrn
/home/emeka/ros2_drone_ws/install/my_py_drone_pkg/lib/my_py_drone_pkg/multi_trhd_2_drones
/home/emeka/ros2_drone_ws/install/my_py_drone_pkg/lib/my_py_drone_pkg/multiple_waypoint
/home/emeka/ros2_drone_ws/install/my_py_drone_pkg/lib/my_py_drone_pkg/offb_node
/home/emeka/ros2_drone_ws/install/my_py_drone_pkg/lib/my_py_drone_pkg/offboard_control
/home/emeka/ros2_drone_ws/install/my_py_drone_pkg/lib/my_py_drone_pkg/offboard_control_ver2
/home/emeka/ros2_drone_ws/install/my_py_drone_pkg/lib/my_py_drone_pkg/proto_off
/home/emeka/ros2_drone_ws/install/my_py_drone_pkg/lib/my_py_drone_pkg/py_node
/home/emeka/ros2_drone_ws/install/my_py_drone_pkg/lib/my_py_drone_pkg/real_drone_movement
/home/emeka/ros2_drone_ws/install/my_py_drone_pkg/lib/my_py_drone_pkg/real_example
/home/emeka/ros2_drone_ws/install/my_py_drone_pkg/lib/my_py_drone_pkg/real_version2
/home/emeka/ros2_drone_ws/install/my_py_drone_pkg/lib/my_py_drone_pkg/simple_follower
/home/emeka/ros2_drone_ws/install/my_py_drone_pkg/lib/my_py_drone_pkg/takeoff
/home/emeka/ros2_drone_ws/install/my_py_drone_pkg/lib/my_py_drone_pkg/takeoff_land
/home/emeka/ros2_drone_ws/install/my_py_drone_pkg/lib/my_py_drone_pkg/takeoff_mav
/home/emeka/ros2_drone_ws/install/my_py_drone_pkg/lib/my_py_drone_pkg/topic_lister
