running egg_info
writing ../../build/my_py_drone_pkg/my_py_drone_pkg.egg-info/PKG-INFO
writing dependency_links to ../../build/my_py_drone_pkg/my_py_drone_pkg.egg-info/dependency_links.txt
writing entry points to ../../build/my_py_drone_pkg/my_py_drone_pkg.egg-info/entry_points.txt
writing requirements to ../../build/my_py_drone_pkg/my_py_drone_pkg.egg-info/requires.txt
writing top-level names to ../../build/my_py_drone_pkg/my_py_drone_pkg.egg-info/top_level.txt
reading manifest file '../../build/my_py_drone_pkg/my_py_drone_pkg.egg-info/SOURCES.txt'
writing manifest file '../../build/my_py_drone_pkg/my_py_drone_pkg.egg-info/SOURCES.txt'
running build
running build_py
copying my_py_drone_pkg/drone_position_record_3.py -> /home/emeka/ros2_drone_ws/build/my_py_drone_pkg/build/lib/my_py_drone_pkg
running install
running install_lib
copying /home/emeka/ros2_drone_ws/build/my_py_drone_pkg/build/lib/my_py_drone_pkg/drone_position_record_3.py -> /home/emeka/ros2_drone_ws/install/my_py_drone_pkg/lib/python3.10/site-packages/my_py_drone_pkg
byte-compiling /home/emeka/ros2_drone_ws/install/my_py_drone_pkg/lib/python3.10/site-packages/my_py_drone_pkg/drone_position_record_3.py to drone_position_record_3.cpython-310.pyc
running install_data
running install_egg_info
removing '/home/emeka/ros2_drone_ws/install/my_py_drone_pkg/lib/python3.10/site-packages/my_py_drone_pkg-0.0.0-py3.10.egg-info' (and everything under it)
Copying ../../build/my_py_drone_pkg/my_py_drone_pkg.egg-info to /home/emeka/ros2_drone_ws/install/my_py_drone_pkg/lib/python3.10/site-packages/my_py_drone_pkg-0.0.0-py3.10.egg-info
running install_scripts
Installing advance_follower script to /home/emeka/ros2_drone_ws/install/my_py_drone_pkg/lib/my_py_drone_pkg
Installing concurrent_control script to /home/emeka/ros2_drone_ws/install/my_py_drone_pkg/lib/my_py_drone_pkg
Installing concurrent_control_ver2 script to /home/emeka/ros2_drone_ws/install/my_py_drone_pkg/lib/my_py_drone_pkg
Installing drone_pos_rec script to /home/emeka/ros2_drone_ws/install/my_py_drone_pkg/lib/my_py_drone_pkg
Installing drone_pos_rec_2 script to /home/emeka/ros2_drone_ws/install/my_py_drone_pkg/lib/my_py_drone_pkg
Installing drone_pos_rec_3 script to /home/emeka/ros2_drone_ws/install/my_py_drone_pkg/lib/my_py_drone_pkg
Installing drone_state_listener script to /home/emeka/ros2_drone_ws/install/my_py_drone_pkg/lib/my_py_drone_pkg
Installing drone_state_listener_2 script to /home/emeka/ros2_drone_ws/install/my_py_drone_pkg/lib/my_py_drone_pkg
Installing fly_1_drones script to /home/emeka/ros2_drone_ws/install/my_py_drone_pkg/lib/my_py_drone_pkg
Installing fly_2_drones script to /home/emeka/ros2_drone_ws/install/my_py_drone_pkg/lib/my_py_drone_pkg
Installing fly_3_drones script to /home/emeka/ros2_drone_ws/install/my_py_drone_pkg/lib/my_py_drone_pkg
Installing fly_4_drones script to /home/emeka/ros2_drone_ws/install/my_py_drone_pkg/lib/my_py_drone_pkg
Installing formation_drones script to /home/emeka/ros2_drone_ws/install/my_py_drone_pkg/lib/my_py_drone_pkg
Installing formation_drones_2 script to /home/emeka/ros2_drone_ws/install/my_py_drone_pkg/lib/my_py_drone_pkg
Installing full_drn_cntrl script to /home/emeka/ros2_drone_ws/install/my_py_drone_pkg/lib/my_py_drone_pkg
Installing jumping_person script to /home/emeka/ros2_drone_ws/install/my_py_drone_pkg/lib/my_py_drone_pkg
Installing leader_follower script to /home/emeka/ros2_drone_ws/install/my_py_drone_pkg/lib/my_py_drone_pkg
Installing manual_follower script to /home/emeka/ros2_drone_ws/install/my_py_drone_pkg/lib/my_py_drone_pkg
Installing mavros_flight_example script to /home/emeka/ros2_drone_ws/install/my_py_drone_pkg/lib/my_py_drone_pkg
Installing mavros_state_subscriber script to /home/emeka/ros2_drone_ws/install/my_py_drone_pkg/lib/my_py_drone_pkg
Installing move_2_drones script to /home/emeka/ros2_drone_ws/install/my_py_drone_pkg/lib/my_py_drone_pkg
Installing movement script to /home/emeka/ros2_drone_ws/install/my_py_drone_pkg/lib/my_py_drone_pkg
Installing multi_async_drones script to /home/emeka/ros2_drone_ws/install/my_py_drone_pkg/lib/my_py_drone_pkg
Installing multi_async_drones_retrn script to /home/emeka/ros2_drone_ws/install/my_py_drone_pkg/lib/my_py_drone_pkg
Installing multi_trhd_2_drones script to /home/emeka/ros2_drone_ws/install/my_py_drone_pkg/lib/my_py_drone_pkg
Installing multiple_waypoint script to /home/emeka/ros2_drone_ws/install/my_py_drone_pkg/lib/my_py_drone_pkg
Installing offboard_control_ver2 script to /home/emeka/ros2_drone_ws/install/my_py_drone_pkg/lib/my_py_drone_pkg
Installing py_node script to /home/emeka/ros2_drone_ws/install/my_py_drone_pkg/lib/my_py_drone_pkg
Installing real_drone_movement script to /home/emeka/ros2_drone_ws/install/my_py_drone_pkg/lib/my_py_drone_pkg
Installing real_example script to /home/emeka/ros2_drone_ws/install/my_py_drone_pkg/lib/my_py_drone_pkg
Installing real_version2 script to /home/emeka/ros2_drone_ws/install/my_py_drone_pkg/lib/my_py_drone_pkg
Installing simple_follower script to /home/emeka/ros2_drone_ws/install/my_py_drone_pkg/lib/my_py_drone_pkg
Installing takeoff script to /home/emeka/ros2_drone_ws/install/my_py_drone_pkg/lib/my_py_drone_pkg
Installing takeoff_land script to /home/emeka/ros2_drone_ws/install/my_py_drone_pkg/lib/my_py_drone_pkg
Installing takeoff_mav script to /home/emeka/ros2_drone_ws/install/my_py_drone_pkg/lib/my_py_drone_pkg
Installing topic_lister script to /home/emeka/ros2_drone_ws/install/my_py_drone_pkg/lib/my_py_drone_pkg
writing list of installed files to '/home/emeka/ros2_drone_ws/build/my_py_drone_pkg/install.log'
